
> test
> cd ../.. && node --test tests/prompts/static.test.cjs tests/prompts/regression.test.cjs

✔ zh-CN: actual inline translator, cold language, missing/objects/parameters and confirmations (16.080917ms)
✔ zh-CN: REST business failure remains returned; strict operation rejects with original metadata (6.232875ms)
✔ zh-CN: timeout covers response body; result stays unknown for POST (7.616708ms)
✔ zh-CN: toast timer replacement, priority, safe multiline text (4.855458ms)
✔ zh-CN: actual mutations do not report success or close dialogs on business failures (5.485167ms)
✔ zh-CN: batch deletion all / partial / no success with business errors (5.611833ms)
✔ zh-CN: downloads propagate actual initiation failures and retain batch details (6.254041ms)
✔ zh-CN: file names are text; upload/verification/apply remain separate (5.957875ms)
✔ zh-CN: SSH actual event handler honors terminal states and diagnoses conflicts (5.029167ms)
✔ zh-CN: background command timeout is unconfirmed and never resubmitted (5.411166ms)
✔ zh-CN: terminal restoration waits for acknowledgement; timeout/failure stay distinct (6.395291ms)
✔ zh-CN: ping results are reachability only; failed probe is unknown and no pulse replay (5.465916ms)
✔ zh-CN: websocket label matches color across language changes and power warnings persist (4.730709ms)
✔ en-US: actual inline translator, cold language, missing/objects/parameters and confirmations (5.393583ms)
✔ en-US: REST business failure remains returned; strict operation rejects with original metadata (4.982583ms)
✔ en-US: timeout covers response body; result stays unknown for POST (6.160416ms)
✔ en-US: toast timer replacement, priority, safe multiline text (5.891917ms)
✔ en-US: actual mutations do not report success or close dialogs on business failures (5.927791ms)
✔ en-US: batch deletion all / partial / no success with business errors (5.956458ms)
✔ en-US: downloads propagate actual initiation failures and retain batch details (6.10225ms)
✔ en-US: file names are text; upload/verification/apply remain separate (5.667792ms)
✔ en-US: SSH actual event handler honors terminal states and diagnoses conflicts (7.6365ms)
✔ en-US: background command timeout is unconfirmed and never resubmitted (5.151833ms)
✔ en-US: terminal restoration waits for acknowledgement; timeout/failure stay distinct (5.21075ms)
✔ en-US: ping results are reachability only; failed probe is unknown and no pulse replay (4.8295ms)
✔ en-US: websocket label matches color across language changes and power warnings persist (4.818167ms)
✔ zh-CN: upload and download aggregates cover all success and all failure (5.105292ms)
✔ zh-CN: key deployment requires successful business code and distinguishes verification (5.5095ms)
✔ zh-CN: real LED/status renderers localize finite built-in identifiers (4.929792ms)
✔ en-US: upload and download aggregates cover all success and all failure (4.981292ms)
✔ en-US: key deployment requires successful business code and distinguishes verification (4.549875ms)
✔ en-US: real LED/status renderers localize finite built-in identifiers (4.486417ms)
✔ zh-CN: widget dynamic families render real labels and literal braces in names remain valid (5.076875ms)
✔ zh-CN: unknown stop result never escalates to forced termination (5.808708ms)
✔ en-US: widget dynamic families render real labels and literal braces in names remain valid (4.602417ms)
✔ en-US: unknown stop result never escalates to forced termination (4.540833ms)
Checked 3066 references including conditional and finite dynamic families.
✔ actual UI literal/conditional and finite dynamic keys exist in both languages with matching contracts (5.71775ms)
✔ production i18n is the inline entry; no second translator script is loaded (0.088375ms)
ℹ tests 38
ℹ suites 0
ℹ pass 38
ℹ fail 0
ℹ cancelled 0
ℹ skipped 0
ℹ todo 0
ℹ duration_ms 255.165833
